=== start Sat Sep 26 22:14:47 +03 2026 budget=20h job=com.ethan.bible-review.now ===
memory: total = 5120.00M  used = 4444.44M  free = 675.56M  (encrypted) | System-wide memory free percentage: 11%
simulators shut down
canary: READY
preflight OK - 20h budget
27215 suspect glosses in 12536 verses (of 456016 total, 6.0%)
resuming: 244 verses already done in 104 chapters, 12292 remaining
  50/12292 verses  33 changes  3.8s/verse  eta 779m
  100/12292 verses  69 changes  3.7s/verse  eta 752m
  150/12292 verses  103 changes  3.6s/verse  eta 722m
  200/12292 verses  142 changes  3.6s/verse  eta 719m
  250/12292 verses  182 changes  3.6s/verse  eta 723m
  300/12292 verses  223 changes  3.6s/verse  eta 723m
  350/12292 verses  271 changes  3.7s/verse  eta 728m
  400/12292 verses  317 changes  3.7s/verse  eta 737m
  450/12292 verses  346 changes  3.8s/verse  eta 742m
  500/12292 verses  376 changes  3.8s/verse  eta 738m
  550/12292 verses  406 changes  3.7s/verse  eta 733m
  600/12292 verses  445 changes  3.8s/verse  eta 735m
  650/12292 verses  473 changes  3.8s/verse  eta 732m
  700/12292 verses  520 changes  3.8s/verse  eta 728m
  750/12292 verses  557 changes  3.8s/verse  eta 724m
  800/12292 verses  594 changes  3.7s/verse  eta 717m
  850/12292 verses  619 changes  3.7s/verse  eta 713m
  900/12292 verses  654 changes  3.7s/verse  eta 708m
  950/12292 verses  692 changes  3.7s/verse  eta 705m
  1000/12292 verses  722 changes  3.7s/verse  eta 702m
  1050/12292 verses  748 changes  3.7s/verse  eta 699m
  1100/12292 verses  792 changes  3.7s/verse  eta 699m
  1150/12292 verses  824 changes  3.8s/verse  eta 697m
  1200/12292 verses  860 changes  3.8s/verse  eta 696m
  1250/12292 verses  901 changes  3.8s/verse  eta 696m
  1300/12292 verses  963 changes  3.8s/verse  eta 699m
  1350/12292 verses  988 changes  3.8s/verse  eta 696m
  1400/12292 verses  1018 changes  3.8s/verse  eta 692m
  1450/12292 verses  1053 changes  3.8s/verse  eta 689m
  1500/12292 verses  1103 changes  3.8s/verse  eta 687m
  1550/12292 verses  1150 changes  3.8s/verse  eta 684m
  1600/12292 verses  1201 changes  3.8s/verse  eta 682m
  1650/12292 verses  1251 changes  3.8s/verse  eta 681m
  1700/12292 verses  1288 changes  3.8s/verse  eta 676m
  1750/12292 verses  1332 changes  3.8s/verse  eta 675m
  1800/12292 verses  1384 changes  3.8s/verse  eta 673m
  1850/12292 verses  1424 changes  3.9s/verse  eta 671m
  1900/12292 verses  1474 changes  3.9s/verse  eta 669m
  1950/12292 verses  1520 changes  3.9s/verse  eta 666m
  2000/12292 verses  1558 changes  3.9s/verse  eta 663m
  2050/12292 verses  1599 changes  3.9s/verse  eta 660m
  2100/12292 verses  1652 changes  3.9s/verse  eta 658m
  2150/12292 verses  1698 changes  3.9s/verse  eta 656m
  2200/12292 verses  1739 changes  3.9s/verse  eta 654m
  2250/12292 verses  1771 changes  3.9s/verse  eta 651m
  2300/12292 verses  1814 changes  3.9s/verse  eta 647m
  2350/12292 verses  1861 changes  3.9s/verse  eta 644m
  2400/12292 verses  1891 changes  3.9s/verse  eta 642m
  2450/12292 verses  1931 changes  3.9s/verse  eta 639m
  2500/12292 verses  1967 changes  3.9s/verse  eta 636m
  2550/12292 verses  2011 changes  3.9s/verse  eta 632m
  2600/12292 verses  2050 changes  3.9s/verse  eta 629m
  2650/12292 verses  2089 changes  3.9s/verse  eta 627m
  2700/12292 verses  2144 changes  3.9s/verse  eta 625m
  2750/12292 verses  2190 changes  3.9s/verse  eta 621m
  2800/12292 verses  2241 changes  3.9s/verse  eta 618m
  2850/12292 verses  2294 changes  3.9s/verse  eta 616m
  2900/12292 verses  2347 changes  3.9s/verse  eta 613m
  2950/12292 verses  2374 changes  3.9s/verse  eta 609m
  3000/12292 verses  2422 changes  3.9s/verse  eta 607m
  3050/12292 verses  2461 changes  3.9s/verse  eta 604m
  3100/12292 verses  2520 changes  3.9s/verse  eta 601m
  3150/12292 verses  2563 changes  3.9s/verse  eta 598m
  3200/12292 verses  2602 changes  3.9s/verse  eta 596m
  3250/12292 verses  2639 changes  3.9s/verse  eta 592m
  3300/12292 verses  2680 changes  3.9s/verse  eta 588m
  3350/12292 verses  2734 changes  3.9s/verse  eta 585m
  3400/12292 verses  2777 changes  3.9s/verse  eta 581m
  3450/12292 verses  2827 changes  3.9s/verse  eta 577m
  3500/12292 verses  2864 changes  3.9s/verse  eta 574m
  3550/12292 verses  2901 changes  3.9s/verse  eta 571m
  3600/12292 verses  2942 changes  3.9s/verse  eta 567m
  3650/12292 verses  2989 changes  3.9s/verse  eta 563m
  3700/12292 verses  3023 changes  3.9s/verse  eta 560m
  3750/12292 verses  3064 changes  3.9s/verse  eta 558m
  3800/12292 verses  3105 changes  3.9s/verse  eta 555m
  3850/12292 verses  3148 changes  3.9s/verse  eta 552m
  3900/12292 verses  3183 changes  3.9s/verse  eta 549m
  3950/12292 verses  3225 changes  3.9s/verse  eta 545m
  4000/12292 verses  3249 changes  3.9s/verse  eta 540m
  4050/12292 verses  3296 changes  3.9s/verse  eta 537m
  4100/12292 verses  3334 changes  3.9s/verse  eta 533m
  4150/12292 verses  3357 changes  3.9s/verse  eta 529m
  4200/12292 verses  3391 changes  3.9s/verse  eta 525m
  4250/12292 verses  3417 changes  3.9s/verse  eta 521m
  4300/12292 verses  3459 changes  3.9s/verse  eta 519m
  4350/12292 verses  3501 changes  3.9s/verse  eta 516m
  4400/12292 verses  3557 changes  3.9s/verse  eta 513m
  4450/12292 verses  3596 changes  3.9s/verse  eta 510m
  4500/12292 verses  3627 changes  3.9s/verse  eta 506m
  4550/12292 verses  3669 changes  3.9s/verse  eta 502m
  4600/12292 verses  3707 changes  3.9s/verse  eta 499m
  4650/12292 verses  3750 changes  3.9s/verse  eta 495m
  4700/12292 verses  3790 changes  3.9s/verse  eta 491m
  4750/12292 verses  3831 changes  3.9s/verse  eta 488m
  4800/12292 verses  3883 changes  3.9s/verse  eta 484m
  4850/12292 verses  3917 changes  3.9s/verse  eta 480m
  4900/12292 verses  3973 changes  3.9s/verse  eta 477m
  4950/12292 verses  4005 changes  3.9s/verse  eta 474m
  5000/12292 verses  4043 changes  3.9s/verse  eta 471m
  5050/12292 verses  4092 changes  3.9s/verse  eta 468m
  5100/12292 verses  4136 changes  3.9s/verse  eta 465m
  5150/12292 verses  4173 changes  3.9s/verse  eta 461m
  5200/12292 verses  4214 changes  3.9s/verse  eta 458m
  5250/12292 verses  4241 changes  3.9s/verse  eta 455m
  5300/12292 verses  4269 changes  3.9s/verse  eta 452m
  5350/12292 verses  4320 changes  3.9s/verse  eta 449m
  5400/12292 verses  4354 changes  3.9s/verse  eta 446m
  5450/12292 verses  4377 changes  3.9s/verse  eta 443m
  5500/12292 verses  4402 changes  3.9s/verse  eta 440m
  5550/12292 verses  4435 changes  3.9s/verse  eta 437m
  5600/12292 verses  4474 changes  3.9s/verse  eta 434m
  5650/12292 verses  4512 changes  3.9s/verse  eta 430m
  5700/12292 verses  4556 changes  3.9s/verse  eta 427m
  5750/12292 verses  4606 changes  3.9s/verse  eta 425m
  5800/12292 verses  4647 changes  3.9s/verse  eta 421m
  5850/12292 verses  4684 changes  3.9s/verse  eta 418m
  5900/12292 verses  4725 changes  3.9s/verse  eta 414m
  5950/12292 verses  4759 changes  3.9s/verse  eta 410m
  6000/12292 verses  4790 changes  3.9s/verse  eta 407m
  6050/12292 verses  4814 changes  3.9s/verse  eta 403m
  6100/12292 verses  4849 changes  3.9s/verse  eta 399m
  6150/12292 verses  4875 changes  3.9s/verse  eta 396m
  6200/12292 verses  4923 changes  3.9s/verse  eta 392m
  6250/12292 verses  4953 changes  3.9s/verse  eta 388m
  6300/12292 verses  4989 changes  3.9s/verse  eta 385m
  6350/12292 verses  5020 changes  3.9s/verse  eta 382m
  6400/12292 verses  5051 changes  3.9s/verse  eta 378m
  6450/12292 verses  5085 changes  3.9s/verse  eta 375m
  6500/12292 verses  5127 changes  3.9s/verse  eta 372m
  6550/12292 verses  5161 changes  3.9s/verse  eta 369m
  6600/12292 verses  5188 changes  3.9s/verse  eta 366m
  6650/12292 verses  5208 changes  3.9s/verse  eta 362m
  6700/12292 verses  5240 changes  3.9s/verse  eta 359m
  6750/12292 verses  5262 changes  3.8s/verse  eta 356m
  6800/12292 verses  5305 changes  3.8s/verse  eta 352m
  6850/12292 verses  5339 changes  3.8s/verse  eta 349m
  6900/12292 verses  5386 changes  3.9s/verse  eta 346m
  6950/12292 verses  5426 changes  3.9s/verse  eta 343m
  7000/12292 verses  5446 changes  3.9s/verse  eta 340m
  7050/12292 verses  5482 changes  3.9s/verse  eta 337m
  7100/12292 verses  5522 changes  3.9s/verse  eta 334m
  7150/12292 verses  5560 changes  3.9s/verse  eta 330m
  7200/12292 verses  5589 changes  3.9s/verse  eta 327m
  7250/12292 verses  5626 changes  3.9s/verse  eta 324m
  7300/12292 verses  5660 changes  3.9s/verse  eta 321m
  7350/12292 verses  5699 changes  3.9s/verse  eta 318m
  7400/12292 verses  5738 changes  3.9s/verse  eta 314m
  7450/12292 verses  5785 changes  3.9s/verse  eta 311m
  7500/12292 verses  5822 changes  3.9s/verse  eta 308m
  7550/12292 verses  5856 changes  3.9s/verse  eta 305m
  7600/12292 verses  5905 changes  3.9s/verse  eta 301m
  7650/12292 verses  5941 changes  3.9s/verse  eta 298m
  7700/12292 verses  5980 changes  3.9s/verse  eta 295m
  7750/12292 verses  6015 changes  3.9s/verse  eta 292m
  7800/12292 verses  6050 changes  3.9s/verse  eta 289m
  7850/12292 verses  6090 changes  3.9s/verse  eta 286m
  7900/12292 verses  6123 changes  3.9s/verse  eta 282m
  7950/12292 verses  6161 changes  3.9s/verse  eta 279m
  8000/12292 verses  6190 changes  3.9s/verse  eta 276m
  8050/12292 verses  6233 changes  3.9s/verse  eta 273m
  8100/12292 verses  6274 changes  3.9s/verse  eta 270m
  8150/12292 verses  6308 changes  3.9s/verse  eta 267m
  8200/12292 verses  6342 changes  3.9s/verse  eta 264m
  8250/12292 verses  6374 changes  3.9s/verse  eta 260m
  8300/12292 verses  6413 changes  3.9s/verse  eta 257m
  8350/12292 verses  6450 changes  3.9s/verse  eta 254m
  8400/12292 verses  6487 changes  3.9s/verse  eta 251m
  8450/12292 verses  6530 changes  3.9s/verse  eta 248m
  8500/12292 verses  6550 changes  3.9s/verse  eta 244m
  8550/12292 verses  6582 changes  3.9s/verse  eta 241m
  8600/12292 verses  6608 changes  3.9s/verse  eta 238m
  8650/12292 verses  6640 changes  3.9s/verse  eta 234m
  8700/12292 verses  6666 changes  3.9s/verse  eta 231m
  8750/12292 verses  6688 changes  3.8s/verse  eta 227m
  8800/12292 verses  6721 changes  3.8s/verse  eta 224m
  8850/12292 verses  6746 changes  3.8s/verse  eta 221m
  8900/12292 verses  6755 changes  3.8s/verse  eta 217m
  8950/12292 verses  6800 changes  3.8s/verse  eta 214m
  9000/12292 verses  6828 changes  3.8s/verse  eta 211m
  9050/12292 verses  6875 changes  3.8s/verse  eta 208m
  9100/12292 verses  6935 changes  3.8s/verse  eta 205m
  9150/12292 verses  6972 changes  3.8s/verse  eta 201m
  9200/12292 verses  7017 changes  3.8s/verse  eta 198m
  9250/12292 verses  7051 changes  3.8s/verse  eta 195m
  9300/12292 verses  7100 changes  3.8s/verse  eta 192m
  9350/12292 verses  7124 changes  3.8s/verse  eta 188m
  9400/12292 verses  7157 changes  3.8s/verse  eta 185m
  9450/12292 verses  7185 changes  3.8s/verse  eta 182m
  9500/12292 verses  7231 changes  3.8s/verse  eta 179m
  9550/12292 verses  7289 changes  3.8s/verse  eta 175m
  9600/12292 verses  7328 changes  3.8s/verse  eta 172m
  9650/12292 verses  7371 changes  3.8s/verse  eta 169m
  9700/12292 verses  7407 changes  3.8s/verse  eta 166m
  9750/12292 verses  7444 changes  3.8s/verse  eta 163m
  9800/12292 verses  7479 changes  3.8s/verse  eta 159m
  9850/12292 verses  7515 changes  3.8s/verse  eta 156m
  9900/12292 verses  7546 changes  3.8s/verse  eta 153m
  9950/12292 verses  7586 changes  3.8s/verse  eta 150m
  10000/12292 verses  7638 changes  3.8s/verse  eta 147m
  10050/12292 verses  7674 changes  3.8s/verse  eta 144m
  10100/12292 verses  7715 changes  3.8s/verse  eta 140m
  10150/12292 verses  7744 changes  3.8s/verse  eta 137m
  10200/12292 verses  7797 changes  3.8s/verse  eta 134m
  10250/12292 verses  7838 changes  3.8s/verse  eta 131m
  10300/12292 verses  7874 changes  3.8s/verse  eta 127m
  10350/12292 verses  7920 changes  3.8s/verse  eta 124m
  10400/12292 verses  7973 changes  3.8s/verse  eta 121m
  10450/12292 verses  7994 changes  3.8s/verse  eta 118m
  10500/12292 verses  8023 changes  3.8s/verse  eta 114m
  10550/12292 verses  8064 changes  3.8s/verse  eta 111m
  10600/12292 verses  8084 changes  3.8s/verse  eta 108m
  10650/12292 verses  8104 changes  3.8s/verse  eta 105m
  10700/12292 verses  8148 changes  3.8s/verse  eta 101m
  10750/12292 verses  8185 changes  3.8s/verse  eta 98m
  10800/12292 verses  8219 changes  3.8s/verse  eta 95m
  10850/12292 verses  8248 changes  3.8s/verse  eta 92m
  10900/12292 verses  8275 changes  3.8s/verse  eta 88m
  10950/12292 verses  8302 changes  3.8s/verse  eta 85m
  11000/12292 verses  8324 changes  3.8s/verse  eta 82m
  11050/12292 verses  8344 changes  3.8s/verse  eta 79m
  11100/12292 verses  8368 changes  3.8s/verse  eta 75m
  11150/12292 verses  8397 changes  3.8s/verse  eta 72m
  11200/12292 verses  8424 changes  3.8s/verse  eta 69m
  11250/12292 verses  8443 changes  3.8s/verse  eta 66m
  11300/12292 verses  8467 changes  3.8s/verse  eta 63m
  11350/12292 verses  8500 changes  3.8s/verse  eta 60m
  11400/12292 verses  8540 changes  3.8s/verse  eta 56m
  11450/12292 verses  8569 changes  3.8s/verse  eta 53m
  11500/12292 verses  8600 changes  3.8s/verse  eta 50m
  11550/12292 verses  8635 changes  3.8s/verse  eta 47m
  11600/12292 verses  8663 changes  3.8s/verse  eta 44m
  11650/12292 verses  8690 changes  3.8s/verse  eta 40m
  11700/12292 verses  8716 changes  3.8s/verse  eta 37m
  11750/12292 verses  8736 changes  3.8s/verse  eta 34m
  11800/12292 verses  8753 changes  3.8s/verse  eta 31m
  11850/12292 verses  8772 changes  3.8s/verse  eta 28m
  11900/12292 verses  8789 changes  3.8s/verse  eta 25m
  11950/12292 verses  8806 changes  3.8s/verse  eta 21m
  12000/12292 verses  8836 changes  3.8s/verse  eta 18m
  12050/12292 verses  8864 changes  3.8s/verse  eta 15m
  12100/12292 verses  8895 changes  3.8s/verse  eta 12m
  12150/12292 verses  8926 changes  3.8s/verse  eta 9m
  12200/12292 verses  8961 changes  3.8s/verse  eta 6m
  12250/12292 verses  8991 changes  3.8s/verse  eta 3m

DONE 12292 verses in 769.1 min  (3.8s/verse)
9006 changes proposed from 27215 suspects (33% confirmed, rest kept)
quality gate:
  WARN:dropped_pronoun           928
  no_change                      464
  truncation                     211
  content_word_lost              132
  degenerate                      72
  empty                           26
  still_broken                    24
  WARN:dropped_and                19
  dangling_article                 8
  dropped_and_vs_corpus            7
  no_letters                       1
  phrase_not_word                  1
written to: /Volumes/ssd-mac-storage/Cursor_Code/kingdomarabic/bible-translations/review-v2-gemma4-12b
COMPLETE: no verses remaining
=== end Sun Sep 27 11:05:44 +03 2026 rc=0 ===
